Java HotSpot(TM) 64-Bit Server VM (25.161-b12) for bsd-amd64 JRE (1.8.0_161-b12), built on Dec 19 2017 16:22:20 by "java_re" with gcc 4.2.1 (Based on Apple Inc. build 5658) (LLVM build 2336.11.00)
Memory: 4k page, physical 16777216k(826380k free)

/proc/meminfo:

CommandLine flags: -XX:+DisableExplicitGC -XX:InitialHeapSize=1073741824 -XX:InitiatingHeapOccupancyPercent=35 -XX:+ManagementServer -XX:MaxGCPauseMillis=20 -XX:MaxHeapSize=1073741824 -XX:+PrintGC -XX:+PrintGCDateStamps -XX:+PrintGCDetails -XX:+PrintGCTimeStamps -XX:+UseCompressedClassPointers -XX:+UseCompressedOops -XX:+UseG1GC 
2018-08-02T14:07:53.592-0300: 0,848: [GC pause (G1 Evacuation Pause) (young), 0,0077491 secs]
   [Parallel Time: 3,4 ms, GC Workers: 4]
      [GC Worker Start (ms): Min: 847,8, Avg: 847,8, Max: 847,8, Diff: 0,1]
      [Ext Root Scanning (ms): Min: 0,5, Avg: 0,7, Max: 1,2, Diff: 0,7, Sum: 2,9]
      [Update RS (ms): Min: 0,0, Avg: 0,0, Max: 0,0, Diff: 0,0, Sum: 0,0]
         [Processed Buffers: Min: 0, Avg: 0,0, Max: 0, Diff: 0, Sum: 0]
      [Scan RS (ms): Min: 0,0, Avg: 0,0, Max: 0,0, Diff: 0,0, Sum: 0,0]
      [Code Root Scanning (ms): Min: 0,0, Avg: 0,1, Max: 0,3, Diff: 0,3, Sum: 0,5]
      [Object Copy (ms): Min: 2,1, Avg: 2,4, Max: 2,6, Diff: 0,6, Sum: 9,6]
      [Termination (ms): Min: 0,0, Avg: 0,0, Max: 0,0, Diff: 0,0, Sum: 0,0]
         [Termination Attempts: Min: 1, Avg: 10,8, Max: 15, Diff: 14, Sum: 43]
      [GC Worker Other (ms): Min: 0,0, Avg: 0,0, Max: 0,0, Diff: 0,0, Sum: 0,1]
      [GC Worker Total (ms): Min: 3,3, Avg: 3,3, Max: 3,3, Diff: 0,1, Sum: 13,2]
      [GC Worker End (ms): Min: 851,1, Avg: 851,1, Max: 851,1, Diff: 0,0]
   [Code Root Fixup: 0,0 ms]
   [Code Root Purge: 0,0 ms]
   [Clear CT: 0,1 ms]
   [Other: 4,2 ms]
      [Choose CSet: 0,0 ms]
      [Ref Proc: 3,9 ms]
      [Ref Enq: 0,0 ms]
      [Redirty Cards: 0,1 ms]
      [Humongous Register: 0,0 ms]
      [Humongous Reclaim: 0,0 ms]
      [Free CSet: 0,1 ms]
   [Eden: 51,0M(51,0M)->0,0B(44,0M) Survivors: 0,0B->7168,0K Heap: 51,0M(1024,0M)->8003,0K(1024,0M)]
 [Times: user=0,02 sys=0,00, real=0,00 secs] 
2018-08-02T14:07:56.305-0300: 3,561: [GC pause (G1 Evacuation Pause) (young), 0,0085959 secs]
   [Parallel Time: 4,9 ms, GC Workers: 4]
      [GC Worker Start (ms): Min: 3561,1, Avg: 3561,1, Max: 3561,1, Diff: 0,1]
      [Ext Root Scanning (ms): Min: 0,5, Avg: 0,9, Max: 1,5, Diff: 1,0, Sum: 3,6]
      [Update RS (ms): Min: 0,0, Avg: 0,0, Max: 0,1, Diff: 0,1, Sum: 0,1]
         [Processed Buffers: Min: 0, Avg: 0,2, Max: 1, Diff: 1, Sum: 1]
      [Scan RS (ms): Min: 0,0, Avg: 0,0, Max: 0,0, Diff: 0,0, Sum: 0,0]
      [Code Root Scanning (ms): Min: 0,0, Avg: 0,2, Max: 0,9, Diff: 0,9, Sum: 0,9]
      [Object Copy (ms): Min: 2,9, Avg: 3,3, Max: 3,8, Diff: 0,9, Sum: 13,2]
      [Termination (ms): Min: 0,0, Avg: 0,4, Max: 0,5, Diff: 0,5, Sum: 1,6]
         [Termination Attempts: Min: 1, Avg: 2,0, Max: 3, Diff: 2, Sum: 8]
      [GC Worker Other (ms): Min: 0,0, Avg: 0,0, Max: 0,0, Diff: 0,0, Sum: 0,0]
      [GC Worker Total (ms): Min: 4,8, Avg: 4,9, Max: 4,9, Diff: 0,0, Sum: 19,5]
      [GC Worker End (ms): Min: 3566,0, Avg: 3566,0, Max: 3566,0, Diff: 0,0]
   [Code Root Fixup: 0,1 ms]
   [Code Root Purge: 0,0 ms]
   [Clear CT: 0,1 ms]
   [Other: 3,4 ms]
      [Choose CSet: 0,0 ms]
      [Ref Proc: 3,0 ms]
      [Ref Enq: 0,0 ms]
      [Redirty Cards: 0,1 ms]
      [Humongous Register: 0,0 ms]
      [Humongous Reclaim: 0,0 ms]
      [Free CSet: 0,1 ms]
   [Eden: 44,0M(44,0M)->0,0B(44,0M) Survivors: 7168,0K->7168,0K Heap: 179,8M(1024,0M)->138,3M(1024,0M)]
 [Times: user=0,02 sys=0,00, real=0,01 secs] 
2018-08-02T14:08:55.158-0300: 62,414: [GC pause (Metadata GC Threshold) (young) (initial-mark), 0,0062900 secs]
   [Parallel Time: 5,4 ms, GC Workers: 4]
      [GC Worker Start (ms): Min: 62413,9, Avg: 62414,6, Max: 62415,3, Diff: 1,4]
      [Ext Root Scanning (ms): Min: 0,1, Avg: 1,0, Max: 1,5, Diff: 1,4, Sum: 4,0]
      [Update RS (ms): Min: 0,0, Avg: 0,1, Max: 0,3, Diff: 0,3, Sum: 0,4]
         [Processed Buffers: Min: 0, Avg: 1,0, Max: 3, Diff: 3, Sum: 4]
      [Scan RS (ms): Min: 0,0, Avg: 0,0, Max: 0,0, Diff: 0,0, Sum: 0,0]
      [Code Root Scanning (ms): Min: 0,0, Avg: 0,5, Max: 1,2, Diff: 1,2, Sum: 2,0]
      [Object Copy (ms): Min: 2,4, Avg: 3,0, Max: 3,8, Diff: 1,4, Sum: 12,2]
      [Termination (ms): Min: 0,0, Avg: 0,0, Max: 0,0, Diff: 0,0, Sum: 0,0]
         [Termination Attempts: Min: 1, Avg: 1,5, Max: 2, Diff: 1, Sum: 6]
      [GC Worker Other (ms): Min: 0,0, Avg: 0,0, Max: 0,0, Diff: 0,0, Sum: 0,0]
      [GC Worker Total (ms): Min: 4,0, Avg: 4,7, Max: 5,4, Diff: 1,4, Sum: 18,7]
      [GC Worker End (ms): Min: 62419,3, Avg: 62419,3, Max: 62419,3, Diff: 0,0]
   [Code Root Fixup: 0,1 ms]
   [Code Root Purge: 0,0 ms]
   [Clear CT: 0,1 ms]
   [Other: 0,7 ms]
      [Choose CSet: 0,0 ms]
      [Ref Proc: 0,3 ms]
      [Ref Enq: 0,0 ms]
      [Redirty Cards: 0,1 ms]
      [Humongous Register: 0,0 ms]
      [Humongous Reclaim: 0,0 ms]
      [Free CSet: 0,1 ms]
   [Eden: 10,0M(44,0M)->0,0B(47,0M) Survivors: 7168,0K->4096,0K Heap: 148,2M(1024,0M)->138,8M(1024,0M)]
 [Times: user=0,02 sys=0,00, real=0,01 secs] 
2018-08-02T14:08:55.164-0300: 62,420: [GC concurrent-root-region-scan-start]
2018-08-02T14:08:55.166-0300: 62,422: [GC concurrent-root-region-scan-end, 0,0017379 secs]
2018-08-02T14:08:55.166-0300: 62,422: [GC concurrent-mark-start]
2018-08-02T14:08:55.171-0300: 62,427: [GC concurrent-mark-end, 0,0051307 secs]
2018-08-02T14:08:55.171-0300: 62,427: [GC remark 2018-08-02T14:08:55.171-0300: 62,427: [Finalize Marking, 0,0000964 secs] 2018-08-02T14:08:55.171-0300: 62,427: [GC ref-proc, 0,0000589 secs] 2018-08-02T14:08:55.171-0300: 62,427: [Unloading, 0,0020239 secs], 0,0033502 secs]
 [Times: user=0,01 sys=0,00, real=0,00 secs] 
2018-08-02T14:08:55.175-0300: 62,431: [GC cleanup 139M->136M(1024M), 0,0008940 secs]
 [Times: user=0,00 sys=0,00, real=0,00 secs] 
2018-08-02T14:08:55.176-0300: 62,432: [GC concurrent-cleanup-start]
2018-08-02T14:08:55.176-0300: 62,432: [GC concurrent-cleanup-end, 0,0000174 secs]
2018-08-02T14:11:18.855-0300: 206,112: [GC pause (G1 Evacuation Pause) (young), 0,0025320 secs]
   [Parallel Time: 1,7 ms, GC Workers: 4]
      [GC Worker Start (ms): Min: 206112,3, Avg: 206112,3, Max: 206112,3, Diff: 0,1]
      [Ext Root Scanning (ms): Min: 0,2, Avg: 0,3, Max: 0,5, Diff: 0,2, Sum: 1,2]
      [Update RS (ms): Min: 0,1, Avg: 0,2, Max: 0,3, Diff: 0,2, Sum: 0,7]
         [Processed Buffers: Min: 1, Avg: 5,2, Max: 9, Diff: 8, Sum: 21]
      [Scan RS (ms): Min: 0,1, Avg: 0,1, Max: 0,1, Diff: 0,1, Sum: 0,4]
      [Code Root Scanning (ms): Min: 0,0, Avg: 0,1, Max: 0,3, Diff: 0,3, Sum: 0,4]
      [Object Copy (ms): Min: 0,8, Avg: 1,0, Max: 1,1, Diff: 0,3, Sum: 4,0]
      [Termination (ms): Min: 0,0, Avg: 0,0, Max: 0,0, Diff: 0,0, Sum: 0,0]
         [Termination Attempts: Min: 1, Avg: 2,0, Max: 4, Diff: 3, Sum: 8]
      [GC Worker Other (ms): Min: 0,0, Avg: 0,0, Max: 0,0, Diff: 0,0, Sum: 0,1]
      [GC Worker Total (ms): Min: 1,7, Avg: 1,7, Max: 1,7, Diff: 0,1, Sum: 6,7]
      [GC Worker End (ms): Min: 206114,0, Avg: 206114,0, Max: 206114,0, Diff: 0,0]
   [Code Root Fixup: 0,0 ms]
   [Code Root Purge: 0,0 ms]
   [Clear CT: 0,1 ms]
   [Other: 0,6 ms]
      [Choose CSet: 0,0 ms]
      [Ref Proc: 0,3 ms]
      [Ref Enq: 0,0 ms]
      [Redirty Cards: 0,1 ms]
      [Humongous Register: 0,0 ms]
      [Humongous Reclaim: 0,0 ms]
      [Free CSet: 0,0 ms]
   [Eden: 47,0M(47,0M)->0,0B(46,0M) Survivors: 4096,0K->5120,0K Heap: 182,8M(1024,0M)->136,3M(1024,0M)]
 [Times: user=0,01 sys=0,00, real=0,00 secs] 
2018-08-02T14:11:19.223-0300: 206,480: [GC pause (G1 Humongous Allocation) (young) (initial-mark), 0,0031211 secs]
   [Parallel Time: 2,1 ms, GC Workers: 4]
      [GC Worker Start (ms): Min: 206479,7, Avg: 206479,7, Max: 206479,7, Diff: 0,0]
      [Ext Root Scanning (ms): Min: 0,5, Avg: 0,5, Max: 0,6, Diff: 0,1, Sum: 2,2]
      [Update RS (ms): Min: 0,1, Avg: 0,1, Max: 0,2, Diff: 0,1, Sum: 0,5]
         [Processed Buffers: Min: 1, Avg: 3,5, Max: 6, Diff: 5, Sum: 14]
      [Scan RS (ms): Min: 0,0, Avg: 0,0, Max: 0,0, Diff: 0,0, Sum: 0,0]
      [Code Root Scanning (ms): Min: 0,0, Avg: 0,2, Max: 0,4, Diff: 0,4, Sum: 0,7]
      [Object Copy (ms): Min: 1,0, Avg: 1,2, Max: 1,3, Diff: 0,3, Sum: 4,9]
      [Termination (ms): Min: 0,0, Avg: 0,0, Max: 0,0, Diff: 0,0, Sum: 0,0]
         [Termination Attempts: Min: 1, Avg: 1,0, Max: 1, Diff: 0, Sum: 4]
      [GC Worker Other (ms): Min: 0,0, Avg: 0,0, Max: 0,0, Diff: 0,0, Sum: 0,0]
      [GC Worker Total (ms): Min: 2,1, Avg: 2,1, Max: 2,1, Diff: 0,0, Sum: 8,4]
      [GC Worker End (ms): Min: 206481,8, Avg: 206481,8, Max: 206481,8, Diff: 0,0]
   [Code Root Fixup: 0,0 ms]
   [Code Root Purge: 0,0 ms]
   [Clear CT: 0,1 ms]
   [Other: 0,9 ms]
      [Choose CSet: 0,0 ms]
      [Ref Proc: 0,4 ms]
      [Ref Enq: 0,0 ms]
      [Redirty Cards: 0,1 ms]
      [Humongous Register: 0,0 ms]
      [Humongous Reclaim: 0,2 ms]
      [Free CSet: 0,1 ms]
   [Eden: 45,0M(46,0M)->0,0B(45,0M) Survivors: 5120,0K->6144,0K Heap: 366,1M(1024,0M)->137,3M(1024,0M)]
 [Times: user=0,01 sys=0,00, real=0,00 secs] 
2018-08-02T14:11:19.226-0300: 206,483: [GC concurrent-root-region-scan-start]
2018-08-02T14:11:19.229-0300: 206,486: [GC concurrent-root-region-scan-end, 0,0030050 secs]
2018-08-02T14:11:19.229-0300: 206,486: [GC concurrent-mark-start]
2018-08-02T14:11:19.236-0300: 206,493: [GC concurrent-mark-end, 0,0069492 secs]
2018-08-02T14:11:19.237-0300: 206,494: [GC remark 2018-08-02T14:11:19.237-0300: 206,494: [Finalize Marking, 0,0007329 secs] 2018-08-02T14:11:19.238-0300: 206,494: [GC ref-proc, 0,0000779 secs] 2018-08-02T14:11:19.238-0300: 206,494: [Unloading, 0,0025274 secs], 0,0044914 secs]
 [Times: user=0,01 sys=0,00, real=0,01 secs] 
2018-08-02T14:11:19.242-0300: 206,498: [GC cleanup 178M->178M(1024M), 0,0006352 secs]
 [Times: user=0,00 sys=0,00, real=0,00 secs] 
2018-08-02T14:18:40.695-0300: 647,953: [GC pause (G1 Evacuation Pause) (young), 0,0040778 secs]
   [Parallel Time: 3,1 ms, GC Workers: 4]
      [GC Worker Start (ms): Min: 647953,1, Avg: 647953,2, Max: 647953,2, Diff: 0,1]
      [Ext Root Scanning (ms): Min: 0,3, Avg: 0,4, Max: 0,6, Diff: 0,3, Sum: 1,7]
      [Update RS (ms): Min: 0,0, Avg: 0,0, Max: 0,0, Diff: 0,0, Sum: 0,1]
         [Processed Buffers: Min: 0, Avg: 4,2, Max: 7, Diff: 7, Sum: 17]
      [Scan RS (ms): Min: 0,0, Avg: 0,1, Max: 0,2, Diff: 0,1, Sum: 0,5]
      [Code Root Scanning (ms): Min: 0,0, Avg: 0,3, Max: 0,4, Diff: 0,4, Sum: 1,0]
      [Object Copy (ms): Min: 1,7, Avg: 1,9, Max: 2,3, Diff: 0,6, Sum: 7,7]
      [Termination (ms): Min: 0,0, Avg: 0,3, Max: 0,4, Diff: 0,4, Sum: 1,1]
         [Termination Attempts: Min: 1, Avg: 1,0, Max: 1, Diff: 0, Sum: 4]
      [GC Worker Other (ms): Min: 0,0, Avg: 0,0, Max: 0,0, Diff: 0,0, Sum: 0,0]
      [GC Worker Total (ms): Min: 2,9, Avg: 3,0, Max: 3,1, Diff: 0,2, Sum: 12,1]
      [GC Worker End (ms): Min: 647956,1, Avg: 647956,2, Max: 647956,2, Diff: 0,1]
   [Code Root Fixup: 0,0 ms]
   [Code Root Purge: 0,1 ms]
   [Clear CT: 0,1 ms]
   [Other: 0,8 ms]
      [Choose CSet: 0,0 ms]
      [Ref Proc: 0,5 ms]
      [Ref Enq: 0,0 ms]
      [Redirty Cards: 0,1 ms]
      [Humongous Register: 0,0 ms]
      [Humongous Reclaim: 0,0 ms]
      [Free CSet: 0,1 ms]
   [Eden: 45,0M(45,0M)->0,0B(45,0M) Survivors: 6144,0K->6144,0K Heap: 247,3M(1024,0M)->137,3M(1024,0M)]
 [Times: user=0,01 sys=0,00, real=0,01 secs] 
Heap
 garbage-first heap   total 1048576K, used 143687K [0x0000000780000000, 0x0000000780102000, 0x00000007c0000000)
  region size 1024K, 10 young (10240K), 6 survivors (6144K)
 Metaspace       used 25203K, capacity 25378K, committed 25520K, reserved 1071104K
  class space    used 3587K, capacity 3659K, committed 3760K, reserved 1048576K
